<?xml version="1.0" encoding="ISO-8859-1"?>
 <person>
  <FirstName>John</FirstName>
  <LastName>Ripper</LastName>
  <Age>23</Age>
 </person>
 <person>
  <FirstName>Mary</FirstName>
  <LastName>Moore</LastName>
  <Age>41</Age>
 </person>
 <person>
  <FirstName>Samantha</FirstName>
  <LastName>Longname</LastName>
  <Age>32</Age>
 </person>
 <person>
  <FirstName>Sam</FirstName>
  <LastName>Short</LastName>
  <Age>28</Age>
 </person>
 <person>
  <FirstName>Robert</FirstName>
  <LastName>Robertson</LastName>
  <Age>55</Age>
 </person>
 <person>
  <FirstName>Alice</FirstName>
  <LastName>Wonderland</LastName>
  <Age>29</Age>
 </person>
 <person>
  <FirstName>Bob</FirstName>
  <LastName>Builder</LastName>
  <Age>36</Age>
 </person>
