<?xml version="1.0" encoding="ISO-8859-1"?>
 <person>
  <FirstName>Mary</FirstName>
  <LastName>Moore</LastName>
  <Age>41</Age>
 </person>
 <person>
  <FirstName>Samantha</FirstName>
  <LastName>Longname</LastName>
  <Age>32</Age>
 </person>
 <person>
  <FirstName>Sam</FirstName>
  <LastName>Short</LastName>
  <Age>28</Age>
 </person>
