<?xml version="1.0" encoding="ISO-8859-1"?>
 <person>
  <FirstName>Scott</FirstName>
  <LastName>Tiger</LastName>
  <Age>45</Age>
 </person>
 <person>
  <FirstName>Samantha</FirstName>
  <LastName>Longname</LastName>
  <Age>32</Age>
 </person>
 <person>
  <FirstName>Sam</FirstName>
  <LastName>Short</LastName>
  <Age>28</Age>
 </person>
