  version: 1.0
  first_name: John
  last_name: Doe
  age: 30
  timestamp: 2025-01-01
  source: TEST
 
  version: 1.0
  first_name: Jane
  last_name: Smith
  age: 25
  timestamp: 2025-01-01
  source: TEST
 
  version: 1.0
  first_name: Bob
  last_name: Johnson
  age: 40
  timestamp: 2025-01-01
  source: TEST
 
